// Jest Snapshot v1, https://goo.gl/fbAQLP

exports[`Input component calls onChange 1`] = `
<div>
  <label
    class="input"
  >
    Enter user name
    <input
      class="input"
      placeholder="User name"
      type="text"
    />
  </label>
</div>
`;

exports[`Input component renders correctly 1`] = `
<div>
  <label
    class="input"
  >
    Enter user name
    <input
      class="input"
      placeholder="User name"
      type="text"
    />
  </label>
</div>
`;
